// Jest Snapshot v1, https://goo.gl/fbAQLP

exports[`FrontMatter: should prepend YAML block to start of page 1`] = `
"---
id: \\"frontmatterclass\\"
title: \\"Class: FrontMatterClass\\"
---

CONTENTS"
`;
