// Jest Snapshot v1, https://goo.gl/fbAQLP

exports[`Sources: should display implementation of sources' 1`] = `
"*Implementation of [SomeInterface](someinterface.md).[prop](someinterface.md#prop)*
"
`;

exports[`Sources: should display inherited and overide sources' 1`] = `
"*Inherited from [SomeInterface](someinterface.md).[prop](someinterface.md#prop)*

*Overrides [SomeClass](../classes/someclass.md).[prop](../classes/someclass.md#prop)*
"
`;
