// Jest Snapshot v1, https://goo.gl/fbAQLP

exports[`Utils: (default options) should compile relativeURL helper 1`] = `"breadcrumbs.md"`;

exports[`Utils: (set options) should compile relativeURL helper with public path 1`] = `"test-public-pathclasses/breadcrumbs.md"`;
